
T12411.hs:4:1: error:
    Illegal @-pattern in expression:
      pure@Q
    Did you mean to enable TypeApplications?
