
T15527.hs:4:6: error:
    Illegal @-pattern in expression:
      (.)@Int
    Did you mean to enable TypeApplications?
