
tcfail089.hs:10:15: error: Illegal function binding in pattern: ++
