
Bad.hs:3:8: error:
    lexical error in string/character literal at character '\n'

Bad.hs:3:8: error:
    lexical error in string/character literal at character '\n'

Bad.hs:3:8: error:
    lexical error in string/character literal at character '\n'

<interactive>:9:1: error:
    Operator is missing a right-hand side argument: +

Bad.hs:3:8: error:
    lexical error in string/character literal at character '\n'

Bad.hs:3:8: error:
    lexical error in string/character literal at character '\n'
