
InfixAppPatErr.hs:2:7: error:
    Illegal do-notation in pattern:
      do a <- return 3 c
    Possibly caused by a missing 'do'?
