
readFail017.hs:4:4: error: Illegal function binding in pattern: f
