
readFail007.hs:6:5: error:
    Illegal function binding in pattern: +
    Possibly caused by a missing 'do'?
