
readFail034.hs:4:4: error:
    Operator is missing a right-hand side argument: #
    Perhaps you meant to enable MagicHash?
