
readFail006.hs:8:11: error:
    Illegal @-pattern in expression:
      2@_
    Did you mean to enable TypeApplications?
