
T10498a.hs:12:9: error:
    View pattern or function type in expression context: \case -> _

T10498a.hs:13:13: error:
    View pattern or function type in expression context: 1 -> 2
