
T14588.hs:3:19: error:
    Illegal bang pattern: !x
    Did you mean to enable BangPatterns?
