
T8501a.hs:5:3: error:
    Illegal function binding in pattern: rec
    Perhaps you intended to use RecursiveDo?
