
T984.hs:6:9: error:
    Illegal case-expression in pattern:
      case () of { _ -> result }
    Possibly caused by a missing 'do'?
