
mod69.hs:3:7: error:
    Illegal @-pattern in expression:
      x@1
    Did you mean to enable TypeApplications?
