
mod70.hs:3:8: error: (~) is not a valid operator in terms.
