
RenamingStar.hs:5:13: error: parse error on input ‘*’
