
rnfail016.hs:6:7: error:
    Illegal @-pattern in expression:
      x@x
    Did you mean to enable TypeApplications?
