
rnfail016a.hs:6:7: error: (~) is not a valid operator in terms.
