
rnfail051.hs:7:17: error:
    View pattern or function type in expression context:
        _ -> putStrLn "_"
