
T12879.hs:4:7: error:
    Illegal @-pattern in expression:
      x@x
    Type application syntax requires a space before '@'
