
T2490.hs:6:10: error:
    Operator is missing a left-hand side argument: `head`
