
T5657.hs:3:8: error:
    Operator is missing a left-hand side argument: LT..
